[0.712s] Invoking command in '/home/em/ros_workspace_2025/nav_ws/src/main': PYTHONPATH=/home/em/ros_workspace_2025/nav_ws/build/main/prefix_override:/usr/lib/python3/dist-packages/colcon_core/task/python/colcon_distutils_commands:/home/em/ros_workspace_2025/nav_ws/install/main/lib/python3.10/site-packages:${PYTHONPATH} /usr/bin/python3 -W ignore:setup.py install is deprecated setup.py egg_info --egg-base ../../build/main build --build-base /home/em/ros_workspace_2025/nav_ws/build/main/build install --record /home/em/ros_workspace_2025/nav_ws/build/main/install.log --single-version-externally-managed install_data
[0.930s] running egg_info
[0.947s] writing ../../build/main/main.egg-info/PKG-INFO
[0.947s] writing dependency_links to ../../build/main/main.egg-info/dependency_links.txt
[0.947s] writing requirements to ../../build/main/main.egg-info/requires.txt
[0.948s] writing top-level names to ../../build/main/main.egg-info/top_level.txt
[0.982s] reading manifest file '../../build/main/main.egg-info/SOURCES.txt'
[0.983s] writing manifest file '../../build/main/main.egg-info/SOURCES.txt'
[0.984s] running build
[0.984s] running build_py
[0.984s] copying main/__init__.py -> /home/em/ros_workspace_2025/nav_ws/build/main/build/lib/main
[0.984s] copying main/takeoff_land_offboard.py -> /home/em/ros_workspace_2025/nav_ws/build/main/build/lib/main
[0.984s] running install
[0.989s] running install_lib
[1.006s] running install_data
[1.006s] copying resource/main -> /home/em/ros_workspace_2025/nav_ws/install/main/share/ament_index/resource_index/packages
[1.006s] copying package.xml -> /home/em/ros_workspace_2025/nav_ws/install/main/share/main
[1.006s] running install_egg_info
[1.025s] removing '/home/em/ros_workspace_2025/nav_ws/install/main/lib/python3.10/site-packages/main-0.0.0-py3.10.egg-info' (and everything under it)
[1.025s] Copying ../../build/main/main.egg-info to /home/em/ros_workspace_2025/nav_ws/install/main/lib/python3.10/site-packages/main-0.0.0-py3.10.egg-info
[1.025s] running install_scripts
[1.114s] writing list of installed files to '/home/em/ros_workspace_2025/nav_ws/build/main/install.log'
[1.137s] Invoked command in '/home/em/ros_workspace_2025/nav_ws/src/main' returned '0': PYTHONPATH=/home/em/ros_workspace_2025/nav_ws/build/main/prefix_override:/usr/lib/python3/dist-packages/colcon_core/task/python/colcon_distutils_commands:/home/em/ros_workspace_2025/nav_ws/install/main/lib/python3.10/site-packages:${PYTHONPATH} /usr/bin/python3 -W ignore:setup.py install is deprecated setup.py egg_info --egg-base ../../build/main build --build-base /home/em/ros_workspace_2025/nav_ws/build/main/build install --record /home/em/ros_workspace_2025/nav_ws/build/main/install.log --single-version-externally-managed install_data
