[0.104s] DEBUG:colcon:Command line arguments: ['/usr/bin/colcon', 'build', '--allow-overriding', 'px4_msgs']
[0.104s] DEBUG:colcon:Parsed command line arguments: Namespace(log_base=None, log_level=None, verb_name='build', build_base='build', install_base='install', merge_install=False, symlink_install=False, test_result_base=None, continue_on_error=False, executor='parallel', parallel_workers=20, event_handlers=None, ignore_user_meta=False, metas=['./colcon.meta'], base_paths=['.'], packages_ignore=None, packages_ignore_regex=None, paths=None, packages_up_to=None, packages_up_to_regex=None, packages_above=None, packages_above_and_dependencies=None, packages_above_depth=None, packages_select_by_dep=None, packages_skip_by_dep=None, packages_skip_up_to=None, packages_select_build_failed=False, packages_skip_build_finished=False, packages_select_test_failures=False, packages_skip_test_passed=False, packages_select=None, packages_skip=None, packages_select_regex=None, packages_skip_regex=None, packages_start=None, packages_end=None, allow_overriding=['px4_msgs'], cmake_args=None, cmake_target=None, cmake_target_skip_unavailable=False, cmake_clean_cache=False, cmake_clean_first=False, cmake_force_configure=False, ament_cmake_args=None, catkin_cmake_args=None, catkin_skip_building_tests=False, mixin_files=None, mixin=None, verb_parser=<colcon_mixin.mixin.mixin_argument.MixinArgumentDecorator object at 0x7e7173553940>, verb_extension=<colcon_core.verb.build.BuildVerb object at 0x7e71735091e0>, main=<bound method BuildVerb.main of <colcon_core.verb.build.BuildVerb object at 0x7e71735091e0>>, mixin_verb=('build',))
[0.129s] Level 1:colcon.colcon_core.package_discovery:discover_packages(colcon_meta) check parameters
[0.129s] Level 1:colcon.colcon_core.package_discovery:discover_packages(recursive) check parameters
[0.129s] Level 1:colcon.colcon_core.package_discovery:discover_packages(ignore) check parameters
[0.129s] Level 1:colcon.colcon_core.package_discovery:discover_packages(path) check parameters
[0.129s] Level 1:colcon.colcon_core.package_discovery:discover_packages(colcon_meta) discover
[0.129s] Level 1:colcon.colcon_core.package_discovery:discover_packages(recursive) discover
[0.129s] INFO:colcon.colcon_core.package_discovery:Crawling recursively for packages in '/home/em/ros_workspace_2025/nav_ws'
[0.129s] Level 1:colcon.colcon_core.package_identification:_identify(.) by extensions ['ignore', 'ignore_ament_install']
[0.129s] Level 1:colcon.colcon_core.package_identification:_identify(.) by extension 'ignore'
[0.129s] Level 1:colcon.colcon_core.package_identification:_identify(.) by extension 'ignore_ament_install'
[0.129s] Level 1:colcon.colcon_core.package_identification:_identify(.) by extensions ['colcon_pkg']
[0.129s] Level 1:colcon.colcon_core.package_identification:_identify(.) by extension 'colcon_pkg'
[0.130s] Level 1:colcon.colcon_core.package_identification:_identify(.) by extensions ['colcon_meta']
[0.130s] Level 1:colcon.colcon_core.package_identification:_identify(.) by extension 'colcon_meta'
[0.130s] Level 1:colcon.colcon_core.package_identification:_identify(.) by extensions ['ros']
[0.130s] Level 1:colcon.colcon_core.package_identification:_identify(.) by extension 'ros'
[0.140s] Level 1:colcon.colcon_core.package_identification:_identify(.) by extensions ['cmake', 'python']
[0.140s] Level 1:colcon.colcon_core.package_identification:_identify(.) by extension 'cmake'
[0.140s] Level 1:colcon.colcon_core.package_identification:_identify(.) by extension 'python'
[0.140s] Level 1:colcon.colcon_core.package_identification:_identify(.) by extensions ['python_setup_py']
[0.140s] Level 1:colcon.colcon_core.package_identification:_identify(.) by extension 'python_setup_py'
[0.140s] Level 1:colcon.colcon_core.package_identification:_identify(build) by extensions ['ignore', 'ignore_ament_install']
[0.140s] Level 1:colcon.colcon_core.package_identification:_identify(build) by extension 'ignore'
[0.140s] Level 1:colcon.colcon_core.package_identification:_identify(build) ignored
[0.140s] Level 1:colcon.colcon_core.package_identification:_identify(install) by extensions ['ignore', 'ignore_ament_install']
[0.140s] Level 1:colcon.colcon_core.package_identification:_identify(install) by extension 'ignore'
[0.140s] Level 1:colcon.colcon_core.package_identification:_identify(install) ignored
[0.140s] Level 1:colcon.colcon_core.package_identification:_identify(log) by extensions ['ignore', 'ignore_ament_install']
[0.140s] Level 1:colcon.colcon_core.package_identification:_identify(log) by extension 'ignore'
[0.140s] Level 1:colcon.colcon_core.package_identification:_identify(log) ignored
[0.140s] Level 1:colcon.colcon_core.package_identification:_identify(src) by extensions ['ignore', 'ignore_ament_install']
[0.140s] Level 1:colcon.colcon_core.package_identification:_identify(src) by extension 'ignore'
[0.140s] Level 1:colcon.colcon_core.package_identification:_identify(src) by extension 'ignore_ament_install'
[0.140s] Level 1:colcon.colcon_core.package_identification:_identify(src) by extensions ['colcon_pkg']
[0.140s] Level 1:colcon.colcon_core.package_identification:_identify(src) by extension 'colcon_pkg'
[0.140s] Level 1:colcon.colcon_core.package_identification:_identify(src) by extensions ['colcon_meta']
[0.140s] Level 1:colcon.colcon_core.package_identification:_identify(src) by extension 'colcon_meta'
[0.140s] Level 1:colcon.colcon_core.package_identification:_identify(src) by extensions ['ros']
[0.140s] Level 1:colcon.colcon_core.package_identification:_identify(src) by extension 'ros'
[0.140s] Level 1:colcon.colcon_core.package_identification:_identify(src) by extensions ['cmake', 'python']
[0.140s] Level 1:colcon.colcon_core.package_identification:_identify(src) by extension 'cmake'
[0.140s] Level 1:colcon.colcon_core.package_identification:_identify(src) by extension 'python'
[0.140s] Level 1:colcon.colcon_core.package_identification:_identify(src) by extensions ['python_setup_py']
[0.141s] Level 1:colcon.colcon_core.package_identification:_identify(src) by extension 'python_setup_py'
[0.141s] Level 1:colcon.colcon_core.package_identification:_identify(src/main) by extensions ['ignore', 'ignore_ament_install']
[0.141s] Level 1:colcon.colcon_core.package_identification:_identify(src/main) by extension 'ignore'
[0.141s] Level 1:colcon.colcon_core.package_identification:_identify(src/main) by extension 'ignore_ament_install'
[0.141s] Level 1:colcon.colcon_core.package_identification:_identify(src/main) by extensions ['colcon_pkg']
[0.141s] Level 1:colcon.colcon_core.package_identification:_identify(src/main) by extension 'colcon_pkg'
[0.141s] Level 1:colcon.colcon_core.package_identification:_identify(src/main) by extensions ['colcon_meta']
[0.141s] Level 1:colcon.colcon_core.package_identification:_identify(src/main) by extension 'colcon_meta'
[0.141s] Level 1:colcon.colcon_core.package_identification:_identify(src/main) by extensions ['ros']
[0.141s] Level 1:colcon.colcon_core.package_identification:_identify(src/main) by extension 'ros'
[0.143s] DEBUG:colcon.colcon_core.package_identification:Package 'src/main' with type 'ros.ament_python' and name 'main'
[0.143s] Level 1:colcon.colcon_core.package_identification:_identify(src/px4_msgs) by extensions ['ignore', 'ignore_ament_install']
[0.143s] Level 1:colcon.colcon_core.package_identification:_identify(src/px4_msgs) by extension 'ignore'
[0.143s] Level 1:colcon.colcon_core.package_identification:_identify(src/px4_msgs) by extension 'ignore_ament_install'
[0.143s] Level 1:colcon.colcon_core.package_identification:_identify(src/px4_msgs) by extensions ['colcon_pkg']
[0.143s] Level 1:colcon.colcon_core.package_identification:_identify(src/px4_msgs) by extension 'colcon_pkg'
[0.143s] Level 1:colcon.colcon_core.package_identification:_identify(src/px4_msgs) by extensions ['colcon_meta']
[0.143s] Level 1:colcon.colcon_core.package_identification:_identify(src/px4_msgs) by extension 'colcon_meta'
[0.143s] Level 1:colcon.colcon_core.package_identification:_identify(src/px4_msgs) by extensions ['ros']
[0.143s] Level 1:colcon.colcon_core.package_identification:_identify(src/px4_msgs) by extension 'ros'
[0.143s] DEBUG:colcon.colcon_core.package_identification:Package 'src/px4_msgs' with type 'ros.ament_cmake' and name 'px4_msgs'
[0.143s] Level 1:colcon.colcon_core.package_discovery:discover_packages(recursive) using defaults
[0.143s] Level 1:colcon.colcon_core.package_discovery:discover_packages(ignore) discover
[0.143s] Level 1:colcon.colcon_core.package_discovery:discover_packages(ignore) using defaults
[0.143s] Level 1:colcon.colcon_core.package_discovery:discover_packages(path) discover
[0.144s] Level 1:colcon.colcon_core.package_discovery:discover_packages(path) using defaults
[0.161s] Level 1:colcon.colcon_core.package_discovery:discover_packages(prefix_path) check parameters
[0.161s] Level 1:colcon.colcon_core.package_discovery:discover_packages(prefix_path) discover
[0.162s] WARNING:colcon.colcon_ros.prefix_path.ament:The path '/home/em/ros_workspace_2025/nav_ws/install/px4_msgs' in the environment variable AMENT_PREFIX_PATH doesn't exist
[0.162s] WARNING:colcon.colcon_ros.prefix_path.ament:The path '/home/em/ros_workspace_2025/nav_ws/install/main' in the environment variable AMENT_PREFIX_PATH doesn't exist
[0.162s] WARNING:colcon.colcon_ros.prefix_path.catkin:The path '/home/em/ros_workspace_2025/nav_ws/install/px4_msgs' in the environment variable CMAKE_PREFIX_PATH doesn't exist
[0.163s] DEBUG:colcon.colcon_installed_package_information.package_discovery:Found 0 installed packages in /home/em/ros_workspace_2025/nav_ws/install
[0.163s] DEBUG:colcon.colcon_installed_package_information.package_discovery:Found 2 installed packages in /home/em/QADT2025/Nav2Workspace/install
[0.163s] DEBUG:colcon.colcon_installed_package_information.package_discovery:Found 2 installed packages in /home/em/QADT2025/NavWorkspace/install
[0.165s] DEBUG:colcon.colcon_installed_package_information.package_discovery:Found 275 installed packages in /opt/ros/humble
[0.166s] Level 1:colcon.colcon_core.package_discovery:discover_packages(prefix_path) using defaults
[0.201s] Level 5:colcon.colcon_core.verb:set package 'main' build argument 'cmake_args' from command line to 'None'
[0.201s] Level 5:colcon.colcon_core.verb:set package 'main' build argument 'cmake_target' from command line to 'None'
[0.201s] Level 5:colcon.colcon_core.verb:set package 'main' build argument 'cmake_target_skip_unavailable' from command line to 'False'
[0.201s] Level 5:colcon.colcon_core.verb:set package 'main' build argument 'cmake_clean_cache' from command line to 'False'
[0.201s] Level 5:colcon.colcon_core.verb:set package 'main' build argument 'cmake_clean_first' from command line to 'False'
[0.201s] Level 5:colcon.colcon_core.verb:set package 'main' build argument 'cmake_force_configure' from command line to 'False'
[0.202s] Level 5:colcon.colcon_core.verb:set package 'main' build argument 'ament_cmake_args' from command line to 'None'
[0.202s] Level 5:colcon.colcon_core.verb:set package 'main' build argument 'catkin_cmake_args' from command line to 'None'
[0.202s] Level 5:colcon.colcon_core.verb:set package 'main' build argument 'catkin_skip_building_tests' from command line to 'False'
[0.202s] DEBUG:colcon.colcon_core.verb:Building package 'main' with the following arguments: {'ament_cmake_args': None, 'build_base': '/home/em/ros_workspace_2025/nav_ws/build/main', 'catkin_cmake_args': None, 'catkin_skip_building_tests': False, 'cmake_args': None, 'cmake_clean_cache': False, 'cmake_clean_first': False, 'cmake_force_configure': False, 'cmake_target': None, 'cmake_target_skip_unavailable': False, 'install_base': '/home/em/ros_workspace_2025/nav_ws/install/main', 'merge_install': False, 'path': '/home/em/ros_workspace_2025/nav_ws/src/main', 'symlink_install': False, 'test_result_base': None}
[0.202s] Level 5:colcon.colcon_core.verb:set package 'px4_msgs' build argument 'cmake_args' from command line to 'None'
[0.202s] Level 5:colcon.colcon_core.verb:set package 'px4_msgs' build argument 'cmake_target' from command line to 'None'
[0.202s] Level 5:colcon.colcon_core.verb:set package 'px4_msgs' build argument 'cmake_target_skip_unavailable' from command line to 'False'
[0.202s] Level 5:colcon.colcon_core.verb:set package 'px4_msgs' build argument 'cmake_clean_cache' from command line to 'False'
[0.202s] Level 5:colcon.colcon_core.verb:set package 'px4_msgs' build argument 'cmake_clean_first' from command line to 'False'
[0.202s] Level 5:colcon.colcon_core.verb:set package 'px4_msgs' build argument 'cmake_force_configure' from command line to 'False'
[0.202s] Level 5:colcon.colcon_core.verb:set package 'px4_msgs' build argument 'ament_cmake_args' from command line to 'None'
[0.202s] Level 5:colcon.colcon_core.verb:set package 'px4_msgs' build argument 'catkin_cmake_args' from command line to 'None'
[0.202s] Level 5:colcon.colcon_core.verb:set package 'px4_msgs' build argument 'catkin_skip_building_tests' from command line to 'False'
[0.202s] DEBUG:colcon.colcon_core.verb:Building package 'px4_msgs' with the following arguments: {'ament_cmake_args': None, 'build_base': '/home/em/ros_workspace_2025/nav_ws/build/px4_msgs', 'catkin_cmake_args': None, 'catkin_skip_building_tests': False, 'cmake_args': None, 'cmake_clean_cache': False, 'cmake_clean_first': False, 'cmake_force_configure': False, 'cmake_target': None, 'cmake_target_skip_unavailable': False, 'install_base': '/home/em/ros_workspace_2025/nav_ws/install/px4_msgs', 'merge_install': False, 'path': '/home/em/ros_workspace_2025/nav_ws/src/px4_msgs', 'symlink_install': False, 'test_result_base': None}
[0.202s] INFO:colcon.colcon_core.executor:Executing jobs using 'parallel' executor
[0.203s] DEBUG:colcon.colcon_parallel_executor.executor.parallel:run_until_complete
[0.203s] INFO:colcon.colcon_ros.task.ament_python.build:Building ROS package in '/home/em/ros_workspace_2025/nav_ws/src/main' with build type 'ament_python'
[0.203s] Level 1:colcon.colcon_core.shell:create_environment_hook('main', 'ament_prefix_path')
[0.204s] INFO:colcon.colcon_core.plugin_system:Skipping extension 'colcon_core.shell.bat': Not used on non-Windows systems
[0.204s] INFO:colcon.colcon_core.shell:Creating environment hook '/home/em/ros_workspace_2025/nav_ws/install/main/share/main/hook/ament_prefix_path.ps1'
[0.205s] INFO:colcon.colcon_core.shell:Creating environment descriptor '/home/em/ros_workspace_2025/nav_ws/install/main/share/main/hook/ament_prefix_path.dsv'
[0.205s] INFO:colcon.colcon_core.shell:Creating environment hook '/home/em/ros_workspace_2025/nav_ws/install/main/share/main/hook/ament_prefix_path.sh'
[0.205s] INFO:colcon.colcon_core.shell:Skip shell extension 'powershell' for command environment: Not usable outside of PowerShell
[0.205s] DEBUG:colcon.colcon_core.shell:Skip shell extension 'dsv' for command environment
[0.207s] INFO:colcon.colcon_ros.task.ament_cmake.build:Building ROS package in '/home/em/ros_workspace_2025/nav_ws/src/px4_msgs' with build type 'ament_cmake'
[0.207s] INFO:colcon.colcon_cmake.task.cmake.build:Building CMake package in '/home/em/ros_workspace_2025/nav_ws/src/px4_msgs'
[0.208s] INFO:colcon.colcon_core.shell:Skip shell extension 'powershell' for command environment: Not usable outside of PowerShell
[0.208s] DEBUG:colcon.colcon_core.shell:Skip shell extension 'dsv' for command environment
[0.361s] INFO:colcon.colcon_core.task.python.build:Building Python package in '/home/em/ros_workspace_2025/nav_ws/src/main'
[0.362s] INFO:colcon.colcon_core.shell:Skip shell extension 'powershell' for command environment: Not usable outside of PowerShell
[0.362s] DEBUG:colcon.colcon_core.shell:Skip shell extension 'dsv' for command environment
[0.365s] DEBUG:colcon.colcon_core.event_handler.log_command:Invoking command in '/home/em/ros_workspace_2025/nav_ws/build/px4_msgs': CMAKE_PREFIX_PATH=${CMAKE_PREFIX_PATH}:/home/em/ros_workspace_2025/nav_ws/install/main:/home/em/QADT2025/Nav2Workspace/install/TestWorkspace:/opt/ros/humble /usr/bin/cmake /home/em/ros_workspace_2025/nav_ws/src/px4_msgs -DCMAKE_INSTALL_PREFIX=/home/em/ros_workspace_2025/nav_ws/install/px4_msgs
[0.681s] DEBUG:colcon.colcon_core.event_handler.log_command:Invoking command in '/home/em/ros_workspace_2025/nav_ws/src/main': PYTHONPATH=/home/em/ros_workspace_2025/nav_ws/build/main/prefix_override:/usr/lib/python3/dist-packages/colcon_core/task/python/colcon_distutils_commands:/home/em/ros_workspace_2025/nav_ws/install/main/lib/python3.10/site-packages:${PYTHONPATH} /usr/bin/python3 -W ignore:setup.py install is deprecated setup.py egg_info --egg-base ../../build/main build --build-base /home/em/ros_workspace_2025/nav_ws/build/main/build install --record /home/em/ros_workspace_2025/nav_ws/build/main/install.log --single-version-externally-managed install_data
[1.008s] DEBUG:colcon.colcon_core.event_handler.log_command:Invoked command in '/home/em/ros_workspace_2025/nav_ws/src/main' returned '0': PYTHONPATH=/home/em/ros_workspace_2025/nav_ws/build/main/prefix_override:/usr/lib/python3/dist-packages/colcon_core/task/python/colcon_distutils_commands:/home/em/ros_workspace_2025/nav_ws/install/main/lib/python3.10/site-packages:${PYTHONPATH} /usr/bin/python3 -W ignore:setup.py install is deprecated setup.py egg_info --egg-base ../../build/main build --build-base /home/em/ros_workspace_2025/nav_ws/build/main/build install --record /home/em/ros_workspace_2025/nav_ws/build/main/install.log --single-version-externally-managed install_data
[1.010s] Level 1:colcon.colcon_core.environment:checking '/home/em/ros_workspace_2025/nav_ws/install/main' for CMake module files
[1.011s] Level 1:colcon.colcon_core.environment:checking '/home/em/ros_workspace_2025/nav_ws/install/main' for CMake config files
[1.012s] Level 1:colcon.colcon_core.environment:checking '/home/em/ros_workspace_2025/nav_ws/install/main/lib'
[1.012s] Level 1:colcon.colcon_core.environment:checking '/home/em/ros_workspace_2025/nav_ws/install/main/bin'
[1.013s] Level 1:colcon.colcon_core.environment:checking '/home/em/ros_workspace_2025/nav_ws/install/main/lib/pkgconfig/main.pc'
[1.013s] Level 1:colcon.colcon_core.environment:checking '/home/em/ros_workspace_2025/nav_ws/install/main/lib/python3.10/site-packages'
[1.013s] Level 1:colcon.colcon_core.shell:create_environment_hook('main', 'pythonpath')
[1.014s] INFO:colcon.colcon_core.shell:Creating environment hook '/home/em/ros_workspace_2025/nav_ws/install/main/share/main/hook/pythonpath.ps1'
[1.015s] INFO:colcon.colcon_core.shell:Creating environment descriptor '/home/em/ros_workspace_2025/nav_ws/install/main/share/main/hook/pythonpath.dsv'
[1.016s] INFO:colcon.colcon_core.shell:Creating environment hook '/home/em/ros_workspace_2025/nav_ws/install/main/share/main/hook/pythonpath.sh'
[1.017s] Level 1:colcon.colcon_core.environment:checking '/home/em/ros_workspace_2025/nav_ws/install/main/bin'
[1.017s] Level 1:colcon.colcon_core.environment:create_environment_scripts_only(main)
[1.018s] INFO:colcon.colcon_core.shell:Creating package script '/home/em/ros_workspace_2025/nav_ws/install/main/share/main/package.ps1'
[1.020s] INFO:colcon.colcon_core.shell:Creating package descriptor '/home/em/ros_workspace_2025/nav_ws/install/main/share/main/package.dsv'
[1.021s] INFO:colcon.colcon_core.shell:Creating package script '/home/em/ros_workspace_2025/nav_ws/install/main/share/main/package.sh'
[1.023s] INFO:colcon.colcon_core.shell:Creating package script '/home/em/ros_workspace_2025/nav_ws/install/main/share/main/package.bash'
[1.024s] INFO:colcon.colcon_core.shell:Creating package script '/home/em/ros_workspace_2025/nav_ws/install/main/share/main/package.zsh'
[1.025s] Level 1:colcon.colcon_core.environment:create_file_with_runtime_dependencies(/home/em/ros_workspace_2025/nav_ws/install/main/share/colcon-core/packages/main)
[3.312s] DEBUG:colcon.colcon_core.event_handler.log_command:Invoked command in '/home/em/ros_workspace_2025/nav_ws/build/px4_msgs' returned '0': CMAKE_PREFIX_PATH=${CMAKE_PREFIX_PATH}:/home/em/ros_workspace_2025/nav_ws/install/main:/home/em/QADT2025/Nav2Workspace/install/TestWorkspace:/opt/ros/humble /usr/bin/cmake /home/em/ros_workspace_2025/nav_ws/src/px4_msgs -DCMAKE_INSTALL_PREFIX=/home/em/ros_workspace_2025/nav_ws/install/px4_msgs
[3.313s] DEBUG:colcon.colcon_core.event_handler.log_command:Invoking command in '/home/em/ros_workspace_2025/nav_ws/build/px4_msgs': CMAKE_PREFIX_PATH=${CMAKE_PREFIX_PATH}:/home/em/ros_workspace_2025/nav_ws/install/main:/home/em/QADT2025/Nav2Workspace/install/TestWorkspace:/opt/ros/humble /usr/bin/cmake --build /home/em/ros_workspace_2025/nav_ws/build/px4_msgs -- -j20 -l20
[125.494s] DEBUG:colcon.colcon_core.event_handler.log_command:Invoked command in '/home/em/ros_workspace_2025/nav_ws/build/px4_msgs' returned '0': CMAKE_PREFIX_PATH=${CMAKE_PREFIX_PATH}:/home/em/ros_workspace_2025/nav_ws/install/main:/home/em/QADT2025/Nav2Workspace/install/TestWorkspace:/opt/ros/humble /usr/bin/cmake --build /home/em/ros_workspace_2025/nav_ws/build/px4_msgs -- -j20 -l20
[133.870s] DEBUG:colcon.colcon_core.event_handler.log_command:Invoking command in '/home/em/ros_workspace_2025/nav_ws/build/px4_msgs': CMAKE_PREFIX_PATH=${CMAKE_PREFIX_PATH}:/home/em/ros_workspace_2025/nav_ws/install/main:/home/em/QADT2025/Nav2Workspace/install/TestWorkspace:/opt/ros/humble /usr/bin/cmake --install /home/em/ros_workspace_2025/nav_ws/build/px4_msgs
[134.704s] Level 1:colcon.colcon_core.environment:create_environment_scripts_only(px4_msgs)
[134.704s] Level 1:colcon.colcon_core.environment:checking '/home/em/ros_workspace_2025/nav_ws/install/px4_msgs' for CMake module files
[134.705s] DEBUG:colcon.colcon_core.event_handler.log_command:Invoked command in '/home/em/ros_workspace_2025/nav_ws/build/px4_msgs' returned '0': CMAKE_PREFIX_PATH=${CMAKE_PREFIX_PATH}:/home/em/ros_workspace_2025/nav_ws/install/main:/home/em/QADT2025/Nav2Workspace/install/TestWorkspace:/opt/ros/humble /usr/bin/cmake --install /home/em/ros_workspace_2025/nav_ws/build/px4_msgs
[134.705s] Level 1:colcon.colcon_core.environment:checking '/home/em/ros_workspace_2025/nav_ws/install/px4_msgs' for CMake config files
[134.705s] Level 1:colcon.colcon_core.shell:create_environment_hook('px4_msgs', 'cmake_prefix_path')
[134.705s] INFO:colcon.colcon_core.shell:Creating environment hook '/home/em/ros_workspace_2025/nav_ws/install/px4_msgs/share/px4_msgs/hook/cmake_prefix_path.ps1'
[134.705s] INFO:colcon.colcon_core.shell:Creating environment descriptor '/home/em/ros_workspace_2025/nav_ws/install/px4_msgs/share/px4_msgs/hook/cmake_prefix_path.dsv'
[134.706s] INFO:colcon.colcon_core.shell:Creating environment hook '/home/em/ros_workspace_2025/nav_ws/install/px4_msgs/share/px4_msgs/hook/cmake_prefix_path.sh'
[134.706s] Level 1:colcon.colcon_core.environment:checking '/home/em/ros_workspace_2025/nav_ws/install/px4_msgs/lib'
[134.706s] Level 1:colcon.colcon_core.shell:create_environment_hook('px4_msgs', 'ld_library_path_lib')
[134.706s] INFO:colcon.colcon_core.shell:Creating environment hook '/home/em/ros_workspace_2025/nav_ws/install/px4_msgs/share/px4_msgs/hook/ld_library_path_lib.ps1'
[134.706s] INFO:colcon.colcon_core.shell:Creating environment descriptor '/home/em/ros_workspace_2025/nav_ws/install/px4_msgs/share/px4_msgs/hook/ld_library_path_lib.dsv'
[134.706s] INFO:colcon.colcon_core.shell:Creating environment hook '/home/em/ros_workspace_2025/nav_ws/install/px4_msgs/share/px4_msgs/hook/ld_library_path_lib.sh'
[134.706s] Level 1:colcon.colcon_core.environment:checking '/home/em/ros_workspace_2025/nav_ws/install/px4_msgs/bin'
[134.706s] Level 1:colcon.colcon_core.environment:checking '/home/em/ros_workspace_2025/nav_ws/install/px4_msgs/lib/pkgconfig/px4_msgs.pc'
[134.707s] Level 1:colcon.colcon_core.environment:checking '/home/em/ros_workspace_2025/nav_ws/install/px4_msgs/lib/python3.10/site-packages'
[134.707s] Level 1:colcon.colcon_core.environment:checking '/home/em/ros_workspace_2025/nav_ws/install/px4_msgs/bin'
[134.707s] INFO:colcon.colcon_core.shell:Creating package script '/home/em/ros_workspace_2025/nav_ws/install/px4_msgs/share/px4_msgs/package.ps1'
[134.707s] INFO:colcon.colcon_core.shell:Creating package descriptor '/home/em/ros_workspace_2025/nav_ws/install/px4_msgs/share/px4_msgs/package.dsv'
[134.707s] INFO:colcon.colcon_core.shell:Creating package script '/home/em/ros_workspace_2025/nav_ws/install/px4_msgs/share/px4_msgs/package.sh'
[134.708s] INFO:colcon.colcon_core.shell:Creating package script '/home/em/ros_workspace_2025/nav_ws/install/px4_msgs/share/px4_msgs/package.bash'
[134.708s] INFO:colcon.colcon_core.shell:Creating package script '/home/em/ros_workspace_2025/nav_ws/install/px4_msgs/share/px4_msgs/package.zsh'
[134.708s] Level 1:colcon.colcon_core.environment:create_file_with_runtime_dependencies(/home/em/ros_workspace_2025/nav_ws/install/px4_msgs/share/colcon-core/packages/px4_msgs)
[143.028s] Level 1:colcon.colcon_core.environment:create_environment_scripts_only(px4_msgs)
[143.029s] Level 1:colcon.colcon_core.environment:checking '/home/em/ros_workspace_2025/nav_ws/install/px4_msgs' for CMake module files
[143.030s] Level 1:colcon.colcon_core.environment:checking '/home/em/ros_workspace_2025/nav_ws/install/px4_msgs' for CMake config files
[143.030s] Level 1:colcon.colcon_core.shell:create_environment_hook('px4_msgs', 'cmake_prefix_path')
[143.031s] INFO:colcon.colcon_core.shell:Creating environment hook '/home/em/ros_workspace_2025/nav_ws/install/px4_msgs/share/px4_msgs/hook/cmake_prefix_path.ps1'
[143.033s] INFO:colcon.colcon_core.shell:Creating environment descriptor '/home/em/ros_workspace_2025/nav_ws/install/px4_msgs/share/px4_msgs/hook/cmake_prefix_path.dsv'
[143.034s] INFO:colcon.colcon_core.shell:Creating environment hook '/home/em/ros_workspace_2025/nav_ws/install/px4_msgs/share/px4_msgs/hook/cmake_prefix_path.sh'
[143.035s] Level 1:colcon.colcon_core.environment:checking '/home/em/ros_workspace_2025/nav_ws/install/px4_msgs/lib'
[143.035s] Level 1:colcon.colcon_core.shell:create_environment_hook('px4_msgs', 'ld_library_path_lib')
[143.036s] INFO:colcon.colcon_core.shell:Creating environment hook '/home/em/ros_workspace_2025/nav_ws/install/px4_msgs/share/px4_msgs/hook/ld_library_path_lib.ps1'
[143.037s] INFO:colcon.colcon_core.shell:Creating environment descriptor '/home/em/ros_workspace_2025/nav_ws/install/px4_msgs/share/px4_msgs/hook/ld_library_path_lib.dsv'
[143.038s] INFO:colcon.colcon_core.shell:Creating environment hook '/home/em/ros_workspace_2025/nav_ws/install/px4_msgs/share/px4_msgs/hook/ld_library_path_lib.sh'
[143.039s] Level 1:colcon.colcon_core.environment:checking '/home/em/ros_workspace_2025/nav_ws/install/px4_msgs/bin'
[143.039s] Level 1:colcon.colcon_core.environment:checking '/home/em/ros_workspace_2025/nav_ws/install/px4_msgs/lib/pkgconfig/px4_msgs.pc'
[143.040s] Level 1:colcon.colcon_core.environment:checking '/home/em/ros_workspace_2025/nav_ws/install/px4_msgs/lib/python3.10/site-packages'
[143.040s] Level 1:colcon.colcon_core.environment:checking '/home/em/ros_workspace_2025/nav_ws/install/px4_msgs/bin'
[143.041s] INFO:colcon.colcon_core.shell:Creating package script '/home/em/ros_workspace_2025/nav_ws/install/px4_msgs/share/px4_msgs/package.ps1'
[143.042s] INFO:colcon.colcon_core.shell:Creating package descriptor '/home/em/ros_workspace_2025/nav_ws/install/px4_msgs/share/px4_msgs/package.dsv'
[143.042s] INFO:colcon.colcon_core.shell:Creating package script '/home/em/ros_workspace_2025/nav_ws/install/px4_msgs/share/px4_msgs/package.sh'
[143.043s] INFO:colcon.colcon_core.shell:Creating package script '/home/em/ros_workspace_2025/nav_ws/install/px4_msgs/share/px4_msgs/package.bash'
[143.044s] INFO:colcon.colcon_core.shell:Creating package script '/home/em/ros_workspace_2025/nav_ws/install/px4_msgs/share/px4_msgs/package.zsh'
[143.045s] Level 1:colcon.colcon_core.environment:create_file_with_runtime_dependencies(/home/em/ros_workspace_2025/nav_ws/install/px4_msgs/share/colcon-core/packages/px4_msgs)
[143.045s] DEBUG:colcon.colcon_parallel_executor.executor.parallel:closing loop
[143.046s] DEBUG:colcon.colcon_parallel_executor.executor.parallel:loop closed
[143.046s] DEBUG:colcon.colcon_parallel_executor.executor.parallel:run_until_complete finished with '0'
[143.046s] DEBUG:colcon.colcon_core.event_reactor:joining thread
[143.059s] INFO:colcon.colcon_core.plugin_system:Skipping extension 'colcon_notification.desktop_notification.terminal_notifier': Not used on non-Darwin systems
[143.059s] INFO:colcon.colcon_core.plugin_system:Skipping extension 'colcon_notification.desktop_notification.win32': Not used on non-Windows systems
[143.059s] INFO:colcon.colcon_notification.desktop_notification:Sending desktop notification using 'notify2'
[143.088s] DEBUG:colcon.colcon_core.event_reactor:joined thread
[143.088s] INFO:colcon.colcon_core.shell:Creating prefix script '/home/em/ros_workspace_2025/nav_ws/install/local_setup.ps1'
[143.089s] INFO:colcon.colcon_core.shell:Creating prefix util module '/home/em/ros_workspace_2025/nav_ws/install/_local_setup_util_ps1.py'
[143.090s] INFO:colcon.colcon_core.shell:Creating prefix chain script '/home/em/ros_workspace_2025/nav_ws/install/setup.ps1'
[143.091s] INFO:colcon.colcon_core.shell:Creating prefix script '/home/em/ros_workspace_2025/nav_ws/install/local_setup.sh'
[143.091s] INFO:colcon.colcon_core.shell:Creating prefix util module '/home/em/ros_workspace_2025/nav_ws/install/_local_setup_util_sh.py'
[143.092s] INFO:colcon.colcon_core.shell:Creating prefix chain script '/home/em/ros_workspace_2025/nav_ws/install/setup.sh'
[143.093s] INFO:colcon.colcon_core.shell:Creating prefix script '/home/em/ros_workspace_2025/nav_ws/install/local_setup.bash'
[143.093s] INFO:colcon.colcon_core.shell:Creating prefix chain script '/home/em/ros_workspace_2025/nav_ws/install/setup.bash'
[143.094s] INFO:colcon.colcon_core.shell:Creating prefix script '/home/em/ros_workspace_2025/nav_ws/install/local_setup.zsh'
[143.095s] INFO:colcon.colcon_core.shell:Creating prefix chain script '/home/em/ros_workspace_2025/nav_ws/install/setup.zsh'
