/home/em/ros_workspace_2025/nav_ws/install/multi_drone/lib/python3.10/site-packages/multi_drone/__init__.py
/home/em/ros_workspace_2025/nav_ws/install/multi_drone/lib/python3.10/site-packages/multi_drone/multi_takeoff_7.py
/home/em/ros_workspace_2025/nav_ws/install/multi_drone/lib/python3.10/site-packages/multi_drone/multi_takeoff_1.py
/home/em/ros_workspace_2025/nav_ws/install/multi_drone/lib/python3.10/site-packages/multi_drone/multi_takeoff_5.py
/home/em/ros_workspace_2025/nav_ws/install/multi_drone/lib/python3.10/site-packages/multi_drone/multi_takeoff_8.py
/home/em/ros_workspace_2025/nav_ws/install/multi_drone/lib/python3.10/site-packages/multi_drone/multi_takeoff_6.py
/home/em/ros_workspace_2025/nav_ws/install/multi_drone/lib/python3.10/site-packages/multi_drone/multi_takeoff_2.py
/home/em/ros_workspace_2025/nav_ws/install/multi_drone/lib/python3.10/site-packages/multi_drone/multi_takeoff_4.py
/home/em/ros_workspace_2025/nav_ws/install/multi_drone/lib/python3.10/site-packages/multi_drone/multi_takeoff_3.py
/home/em/ros_workspace_2025/nav_ws/install/multi_drone/lib/python3.10/site-packages/multi_drone/__pycache__/__init__.cpython-310.pyc
/home/em/ros_workspace_2025/nav_ws/install/multi_drone/lib/python3.10/site-packages/multi_drone/__pycache__/multi_takeoff_7.cpython-310.pyc
/home/em/ros_workspace_2025/nav_ws/install/multi_drone/lib/python3.10/site-packages/multi_drone/__pycache__/multi_takeoff_1.cpython-310.pyc
/home/em/ros_workspace_2025/nav_ws/install/multi_drone/lib/python3.10/site-packages/multi_drone/__pycache__/multi_takeoff_5.cpython-310.pyc
/home/em/ros_workspace_2025/nav_ws/install/multi_drone/lib/python3.10/site-packages/multi_drone/__pycache__/multi_takeoff_8.cpython-310.pyc
/home/em/ros_workspace_2025/nav_ws/install/multi_drone/lib/python3.10/site-packages/multi_drone/__pycache__/multi_takeoff_6.cpython-310.pyc
/home/em/ros_workspace_2025/nav_ws/install/multi_drone/lib/python3.10/site-packages/multi_drone/__pycache__/multi_takeoff_2.cpython-310.pyc
/home/em/ros_workspace_2025/nav_ws/install/multi_drone/lib/python3.10/site-packages/multi_drone/__pycache__/multi_takeoff_4.cpython-310.pyc
/home/em/ros_workspace_2025/nav_ws/install/multi_drone/lib/python3.10/site-packages/multi_drone/__pycache__/multi_takeoff_3.cpython-310.pyc
/home/em/ros_workspace_2025/nav_ws/install/multi_drone/share/ament_index/resource_index/packages/multi_drone
/home/em/ros_workspace_2025/nav_ws/install/multi_drone/share/multi_drone/package.xml
/home/em/ros_workspace_2025/nav_ws/install/multi_drone/lib/python3.10/site-packages/multi_drone-0.0.0-py3.10.egg-info/entry_points.txt
/home/em/ros_workspace_2025/nav_ws/install/multi_drone/lib/python3.10/site-packages/multi_drone-0.0.0-py3.10.egg-info/top_level.txt
/home/em/ros_workspace_2025/nav_ws/install/multi_drone/lib/python3.10/site-packages/multi_drone-0.0.0-py3.10.egg-info/PKG-INFO
/home/em/ros_workspace_2025/nav_ws/install/multi_drone/lib/python3.10/site-packages/multi_drone-0.0.0-py3.10.egg-info/dependency_links.txt
/home/em/ros_workspace_2025/nav_ws/install/multi_drone/lib/python3.10/site-packages/multi_drone-0.0.0-py3.10.egg-info/zip-safe
/home/em/ros_workspace_2025/nav_ws/install/multi_drone/lib/python3.10/site-packages/multi_drone-0.0.0-py3.10.egg-info/SOURCES.txt
/home/em/ros_workspace_2025/nav_ws/install/multi_drone/lib/python3.10/site-packages/multi_drone-0.0.0-py3.10.egg-info/requires.txt
/home/em/ros_workspace_2025/nav_ws/install/multi_drone/lib/multi_drone/multi_takeoff_1
/home/em/ros_workspace_2025/nav_ws/install/multi_drone/lib/multi_drone/multi_takeoff_2
/home/em/ros_workspace_2025/nav_ws/install/multi_drone/lib/multi_drone/multi_takeoff_3
/home/em/ros_workspace_2025/nav_ws/install/multi_drone/lib/multi_drone/multi_takeoff_4
/home/em/ros_workspace_2025/nav_ws/install/multi_drone/lib/multi_drone/multi_takeoff_5
/home/em/ros_workspace_2025/nav_ws/install/multi_drone/lib/multi_drone/multi_takeoff_6
/home/em/ros_workspace_2025/nav_ws/install/multi_drone/lib/multi_drone/multi_takeoff_7
/home/em/ros_workspace_2025/nav_ws/install/multi_drone/lib/multi_drone/multi_takeoff_8
