[0.785s] Invoking command in '/home/em/ros_workspace_2025/nav_ws/src/main': PYTHONPATH=/home/em/ros_workspace_2025/nav_ws/build/main/prefix_override:/usr/lib/python3/dist-packages/colcon_core/task/python/colcon_distutils_commands:/home/em/ros_workspace_2025/nav_ws/install/main/lib/python3.10/site-packages:${PYTHONPATH} /usr/bin/python3 -W ignore:setup.py install is deprecated setup.py egg_info --egg-base ../../build/main build --build-base /home/em/ros_workspace_2025/nav_ws/build/main/build install --record /home/em/ros_workspace_2025/nav_ws/build/main/install.log --single-version-externally-managed install_data
[0.994s] running egg_info
[1.010s] writing ../../build/main/main.egg-info/PKG-INFO
[1.011s] writing dependency_links to ../../build/main/main.egg-info/dependency_links.txt
[1.011s] writing requirements to ../../build/main/main.egg-info/requires.txt
[1.011s] writing top-level names to ../../build/main/main.egg-info/top_level.txt
[1.046s] reading manifest file '../../build/main/main.egg-info/SOURCES.txt'
[1.047s] writing manifest file '../../build/main/main.egg-info/SOURCES.txt'
[1.047s] running build
[1.047s] running build_py
[1.047s] copying main/__init__.py -> /home/em/ros_workspace_2025/nav_ws/build/main/build/lib/main
[1.047s] copying main/multi_test.py -> /home/em/ros_workspace_2025/nav_ws/build/main/build/lib/main
[1.047s] copying main/takeoff_land_offboard.py -> /home/em/ros_workspace_2025/nav_ws/build/main/build/lib/main
[1.048s] running install
[1.052s] running install_lib
[1.070s] copying /home/em/ros_workspace_2025/nav_ws/build/main/build/lib/main/multi_test.py -> /home/em/ros_workspace_2025/nav_ws/install/main/lib/python3.10/site-packages/main
[1.070s] byte-compiling /home/em/ros_workspace_2025/nav_ws/install/main/lib/python3.10/site-packages/main/multi_test.py to multi_test.cpython-310.pyc
[1.072s] running install_data
[1.072s] copying resource/main -> /home/em/ros_workspace_2025/nav_ws/install/main/share/ament_index/resource_index/packages
[1.072s] copying package.xml -> /home/em/ros_workspace_2025/nav_ws/install/main/share/main
[1.073s] running install_egg_info
[1.089s] removing '/home/em/ros_workspace_2025/nav_ws/install/main/lib/python3.10/site-packages/main-0.0.0-py3.10.egg-info' (and everything under it)
[1.089s] Copying ../../build/main/main.egg-info to /home/em/ros_workspace_2025/nav_ws/install/main/lib/python3.10/site-packages/main-0.0.0-py3.10.egg-info
[1.090s] running install_scripts
[1.184s] writing list of installed files to '/home/em/ros_workspace_2025/nav_ws/build/main/install.log'
[1.204s] Invoked command in '/home/em/ros_workspace_2025/nav_ws/src/main' returned '0': PYTHONPATH=/home/em/ros_workspace_2025/nav_ws/build/main/prefix_override:/usr/lib/python3/dist-packages/colcon_core/task/python/colcon_distutils_commands:/home/em/ros_workspace_2025/nav_ws/install/main/lib/python3.10/site-packages:${PYTHONPATH} /usr/bin/python3 -W ignore:setup.py install is deprecated setup.py egg_info --egg-base ../../build/main build --build-base /home/em/ros_workspace_2025/nav_ws/build/main/build install --record /home/em/ros_workspace_2025/nav_ws/build/main/install.log --single-version-externally-managed install_data
