[0.478s] Invoking command in '/home/em/ros_workspace_2025/nav_ws/src/main': PYTHONPATH=/home/em/ros_workspace_2025/nav_ws/build/main/prefix_override:/usr/lib/python3/dist-packages/colcon_core/task/python/colcon_distutils_commands:/home/em/ros_workspace_2025/nav_ws/install/main/lib/python3.10/site-packages:${PYTHONPATH} /usr/bin/python3 -W ignore:setup.py install is deprecated setup.py egg_info --egg-base ../../build/main build --build-base /home/em/ros_workspace_2025/nav_ws/build/main/build install --record /home/em/ros_workspace_2025/nav_ws/build/main/install.log --single-version-externally-managed install_data
[0.662s] running egg_info
[0.670s] creating ../../build/main/main.egg-info
[0.670s] writing ../../build/main/main.egg-info/PKG-INFO
[0.670s] writing dependency_links to ../../build/main/main.egg-info/dependency_links.txt
[0.670s] writing requirements to ../../build/main/main.egg-info/requires.txt
[0.671s] writing top-level names to ../../build/main/main.egg-info/top_level.txt
[0.671s] writing manifest file '../../build/main/main.egg-info/SOURCES.txt'
[0.688s] reading manifest file '../../build/main/main.egg-info/SOURCES.txt'
[0.689s] writing manifest file '../../build/main/main.egg-info/SOURCES.txt'
[0.689s] running build
[0.689s] running build_py
[0.689s] creating /home/em/ros_workspace_2025/nav_ws/build/main/build/lib/main
[0.689s] copying main/__init__.py -> /home/em/ros_workspace_2025/nav_ws/build/main/build/lib/main
[0.689s] copying main/takeoff_land_offboard.py -> /home/em/ros_workspace_2025/nav_ws/build/main/build/lib/main
[0.689s] running install
[0.692s] running install_lib
[0.700s] creating /home/em/ros_workspace_2025/nav_ws/install/main/lib/python3.10/site-packages/main
[0.700s] copying /home/em/ros_workspace_2025/nav_ws/build/main/build/lib/main/__init__.py -> /home/em/ros_workspace_2025/nav_ws/install/main/lib/python3.10/site-packages/main
[0.701s] copying /home/em/ros_workspace_2025/nav_ws/build/main/build/lib/main/takeoff_land_offboard.py -> /home/em/ros_workspace_2025/nav_ws/install/main/lib/python3.10/site-packages/main
[0.701s] byte-compiling /home/em/ros_workspace_2025/nav_ws/install/main/lib/python3.10/site-packages/main/__init__.py to __init__.cpython-310.pyc
[0.701s] byte-compiling /home/em/ros_workspace_2025/nav_ws/install/main/lib/python3.10/site-packages/main/takeoff_land_offboard.py to takeoff_land_offboard.cpython-310.pyc
[0.702s] running install_data
[0.702s] creating /home/em/ros_workspace_2025/nav_ws/install/main/share/ament_index/resource_index/packages
[0.702s] copying resource/main -> /home/em/ros_workspace_2025/nav_ws/install/main/share/ament_index/resource_index/packages
[0.702s] copying package.xml -> /home/em/ros_workspace_2025/nav_ws/install/main/share/main
[0.702s] running install_egg_info
[0.712s] Copying ../../build/main/main.egg-info to /home/em/ros_workspace_2025/nav_ws/install/main/lib/python3.10/site-packages/main-0.0.0-py3.10.egg-info
[0.713s] running install_scripts
[0.784s] writing list of installed files to '/home/em/ros_workspace_2025/nav_ws/build/main/install.log'
[0.805s] Invoked command in '/home/em/ros_workspace_2025/nav_ws/src/main' returned '0': PYTHONPATH=/home/em/ros_workspace_2025/nav_ws/build/main/prefix_override:/usr/lib/python3/dist-packages/colcon_core/task/python/colcon_distutils_commands:/home/em/ros_workspace_2025/nav_ws/install/main/lib/python3.10/site-packages:${PYTHONPATH} /usr/bin/python3 -W ignore:setup.py install is deprecated setup.py egg_info --egg-base ../../build/main build --build-base /home/em/ros_workspace_2025/nav_ws/build/main/build install --record /home/em/ros_workspace_2025/nav_ws/build/main/install.log --single-version-externally-managed install_data
