[0.710s] Invoking command in '/home/em/ros_workspace_2025/nav_ws/src/multi_drone': PYTHONPATH=/home/em/ros_workspace_2025/nav_ws/build/multi_drone/prefix_override:/usr/lib/python3/dist-packages/colcon_core/task/python/colcon_distutils_commands:/home/em/ros_workspace_2025/nav_ws/install/multi_drone/lib/python3.10/site-packages:${PYTHONPATH} /usr/bin/python3 -W ignore:setup.py install is deprecated setup.py egg_info --egg-base ../../build/multi_drone build --build-base /home/em/ros_workspace_2025/nav_ws/build/multi_drone/build install --record /home/em/ros_workspace_2025/nav_ws/build/multi_drone/install.log --single-version-externally-managed install_data
[0.831s] /home/em/.local/lib/python3.10/site-packages/setuptools/_distutils/dist.py:261: UserWarning: Unknown distribution option: 'tests_require'
[0.831s]   warnings.warn(msg)
[0.883s] running egg_info
[0.891s] writing ../../build/multi_drone/multi_drone.egg-info/PKG-INFO
[0.892s] writing dependency_links to ../../build/multi_drone/multi_drone.egg-info/dependency_links.txt
[0.892s] writing entry points to ../../build/multi_drone/multi_drone.egg-info/entry_points.txt
[0.892s] writing requirements to ../../build/multi_drone/multi_drone.egg-info/requires.txt
[0.892s] writing top-level names to ../../build/multi_drone/multi_drone.egg-info/top_level.txt
[0.914s] reading manifest file '../../build/multi_drone/multi_drone.egg-info/SOURCES.txt'
[0.915s] writing manifest file '../../build/multi_drone/multi_drone.egg-info/SOURCES.txt'
[0.915s] running build
[0.915s] running build_py
[0.916s] copying multi_drone/__init__.py -> /home/em/ros_workspace_2025/nav_ws/build/multi_drone/build/lib/multi_drone
[0.916s] copying multi_drone/multi_takeoff_7.py -> /home/em/ros_workspace_2025/nav_ws/build/multi_drone/build/lib/multi_drone
[0.916s] copying multi_drone/multi_takeoff_1.py -> /home/em/ros_workspace_2025/nav_ws/build/multi_drone/build/lib/multi_drone
[0.916s] copying multi_drone/multi_takeoff_5.py -> /home/em/ros_workspace_2025/nav_ws/build/multi_drone/build/lib/multi_drone
[0.916s] copying multi_drone/multi_takeoff_8.py -> /home/em/ros_workspace_2025/nav_ws/build/multi_drone/build/lib/multi_drone
[0.916s] copying multi_drone/multi_takeoff_6.py -> /home/em/ros_workspace_2025/nav_ws/build/multi_drone/build/lib/multi_drone
[0.917s] copying multi_drone/multi_takeoff_2.py -> /home/em/ros_workspace_2025/nav_ws/build/multi_drone/build/lib/multi_drone
[0.917s] copying multi_drone/multi_takeoff_4.py -> /home/em/ros_workspace_2025/nav_ws/build/multi_drone/build/lib/multi_drone
[0.917s] copying multi_drone/multi_takeoff_3.py -> /home/em/ros_workspace_2025/nav_ws/build/multi_drone/build/lib/multi_drone
[0.917s] running install
[0.920s] running install_lib
[0.929s] copying /home/em/ros_workspace_2025/nav_ws/build/multi_drone/build/lib/multi_drone/multi_takeoff_1.py -> /home/em/ros_workspace_2025/nav_ws/install/multi_drone/lib/python3.10/site-packages/multi_drone
[0.930s] byte-compiling /home/em/ros_workspace_2025/nav_ws/install/multi_drone/lib/python3.10/site-packages/multi_drone/multi_takeoff_1.py to multi_takeoff_1.cpython-310.pyc
[0.931s] running install_data
[0.932s] copying resource/multi_drone -> /home/em/ros_workspace_2025/nav_ws/install/multi_drone/share/ament_index/resource_index/packages
[0.932s] copying package.xml -> /home/em/ros_workspace_2025/nav_ws/install/multi_drone/share/multi_drone
[0.932s] running install_egg_info
[0.941s] removing '/home/em/ros_workspace_2025/nav_ws/install/multi_drone/lib/python3.10/site-packages/multi_drone-0.0.0-py3.10.egg-info' (and everything under it)
[0.941s] Copying ../../build/multi_drone/multi_drone.egg-info to /home/em/ros_workspace_2025/nav_ws/install/multi_drone/lib/python3.10/site-packages/multi_drone-0.0.0-py3.10.egg-info
[0.941s] running install_scripts
[1.017s] Installing multi_takeoff_1 script to /home/em/ros_workspace_2025/nav_ws/install/multi_drone/lib/multi_drone
[1.017s] Installing multi_takeoff_2 script to /home/em/ros_workspace_2025/nav_ws/install/multi_drone/lib/multi_drone
[1.017s] Installing multi_takeoff_3 script to /home/em/ros_workspace_2025/nav_ws/install/multi_drone/lib/multi_drone
[1.018s] Installing multi_takeoff_4 script to /home/em/ros_workspace_2025/nav_ws/install/multi_drone/lib/multi_drone
[1.018s] Installing multi_takeoff_5 script to /home/em/ros_workspace_2025/nav_ws/install/multi_drone/lib/multi_drone
[1.018s] Installing multi_takeoff_6 script to /home/em/ros_workspace_2025/nav_ws/install/multi_drone/lib/multi_drone
[1.018s] Installing multi_takeoff_7 script to /home/em/ros_workspace_2025/nav_ws/install/multi_drone/lib/multi_drone
[1.018s] Installing multi_takeoff_8 script to /home/em/ros_workspace_2025/nav_ws/install/multi_drone/lib/multi_drone
[1.019s] writing list of installed files to '/home/em/ros_workspace_2025/nav_ws/build/multi_drone/install.log'
[1.049s] Invoked command in '/home/em/ros_workspace_2025/nav_ws/src/multi_drone' returned '0': PYTHONPATH=/home/em/ros_workspace_2025/nav_ws/build/multi_drone/prefix_override:/usr/lib/python3/dist-packages/colcon_core/task/python/colcon_distutils_commands:/home/em/ros_workspace_2025/nav_ws/install/multi_drone/lib/python3.10/site-packages:${PYTHONPATH} /usr/bin/python3 -W ignore:setup.py install is deprecated setup.py egg_info --egg-base ../../build/multi_drone build --build-base /home/em/ros_workspace_2025/nav_ws/build/multi_drone/build install --record /home/em/ros_workspace_2025/nav_ws/build/multi_drone/install.log --single-version-externally-managed install_data
