[0.737s] Invoking command in '/home/em/ros_workspace_2025/nav_ws/src/main': PYTHONPATH=/home/em/ros_workspace_2025/nav_ws/build/main/prefix_override:/usr/lib/python3/dist-packages/colcon_core/task/python/colcon_distutils_commands:/home/em/ros_workspace_2025/nav_ws/install/main/lib/python3.10/site-packages:${PYTHONPATH} /usr/bin/python3 -W ignore:setup.py install is deprecated setup.py egg_info --egg-base ../../build/main build --build-base /home/em/ros_workspace_2025/nav_ws/build/main/build install --record /home/em/ros_workspace_2025/nav_ws/build/main/install.log --single-version-externally-managed install_data
[0.918s] running egg_info
[0.926s] writing ../../build/main/main.egg-info/PKG-INFO
[0.927s] writing dependency_links to ../../build/main/main.egg-info/dependency_links.txt
[0.927s] writing requirements to ../../build/main/main.egg-info/requires.txt
[0.927s] writing top-level names to ../../build/main/main.egg-info/top_level.txt
[0.945s] reading manifest file '../../build/main/main.egg-info/SOURCES.txt'
[0.946s] writing manifest file '../../build/main/main.egg-info/SOURCES.txt'
[0.946s] running build
[0.946s] running build_py
[0.947s] copying main/__init__.py -> /home/em/ros_workspace_2025/nav_ws/build/main/build/lib/main
[0.947s] copying main/takeoff_land_offboard.py -> /home/em/ros_workspace_2025/nav_ws/build/main/build/lib/main
[0.947s] running install
[0.950s] running install_lib
[0.959s] copying /home/em/ros_workspace_2025/nav_ws/build/main/build/lib/main/takeoff_land_offboard.py -> /home/em/ros_workspace_2025/nav_ws/install/main/lib/python3.10/site-packages/main
[0.960s] byte-compiling /home/em/ros_workspace_2025/nav_ws/install/main/lib/python3.10/site-packages/main/takeoff_land_offboard.py to takeoff_land_offboard.cpython-310.pyc
[0.961s] running install_data
[0.961s] copying resource/main -> /home/em/ros_workspace_2025/nav_ws/install/main/share/ament_index/resource_index/packages
[0.961s] copying package.xml -> /home/em/ros_workspace_2025/nav_ws/install/main/share/main
[0.961s] running install_egg_info
[0.971s] removing '/home/em/ros_workspace_2025/nav_ws/install/main/lib/python3.10/site-packages/main-0.0.0-py3.10.egg-info' (and everything under it)
[0.971s] Copying ../../build/main/main.egg-info to /home/em/ros_workspace_2025/nav_ws/install/main/lib/python3.10/site-packages/main-0.0.0-py3.10.egg-info
[0.971s] running install_scripts
[1.041s] writing list of installed files to '/home/em/ros_workspace_2025/nav_ws/build/main/install.log'
[1.066s] Invoked command in '/home/em/ros_workspace_2025/nav_ws/src/main' returned '0': PYTHONPATH=/home/em/ros_workspace_2025/nav_ws/build/main/prefix_override:/usr/lib/python3/dist-packages/colcon_core/task/python/colcon_distutils_commands:/home/em/ros_workspace_2025/nav_ws/install/main/lib/python3.10/site-packages:${PYTHONPATH} /usr/bin/python3 -W ignore:setup.py install is deprecated setup.py egg_info --egg-base ../../build/main build --build-base /home/em/ros_workspace_2025/nav_ws/build/main/build install --record /home/em/ros_workspace_2025/nav_ws/build/main/install.log --single-version-externally-managed install_data
